17:36:19 **** Incremental Build of configuration Debug for project pb2-2 ****
make all 
make --no-print-directory pre-build
a9-linaro-pre-build-step
' '
make --no-print-directory main-build
'Building file: ../src/ms.cpp'
'Invoking: ARM v7 g++ compiler'
arm-none-eabi-g++ -Wall -O0 -g3 -c -fmessage-length=0 -MT"src/ms.o" -mcpu=cortex-a9 -mfpu=vfpv3 -mfloat-abi=hard -IC:/Users/88690/Desktop/FPGA/HW3/Pb2/design_1_wrapper_1/export/design_1_wrapper_1/sw/design_1_wrapper_1/standalone_ps7_cortexa9_0/bspinclude/include -MMD -MP -MF"src/ms.d" -MT"src/ms.o" -o "src/ms.o" "../src/ms.cpp"
'Finished building: ../src/ms.cpp'
' '
'Building target: pb2-2.elf'
'Invoking: ARM v7 g++ linker'
arm-none-eabi-g++ -mcpu=cortex-a9 -mfpu=vfpv3 -mfloat-abi=hard -Wl,-build-id=none -specs=Xilinx.spec -Wl,-T -Wl,../src/lscript.ld -LC:/Users/88690/Desktop/FPGA/HW3/Pb2/design_1_wrapper_1/export/design_1_wrapper_1/sw/design_1_wrapper_1/standalone_ps7_cortexa9_0/bsplib/lib -o "pb2-2.elf"  ./src/ms.o   -Wl,--start-group,-lxil,-lgcc,-lc,-lstdc++,--end-group
'Finished building target: pb2-2.elf'
' '
'Invoking: ARM v7 Print Size'
arm-none-eabi-size pb2-2.elf  |tee "pb2-2.elf.size"
   text	   data	    bss	    dec	    hex	filename
 549055	   2832	  29156	 581043	  8ddb3	pb2-2.elf
'Finished building: pb2-2.elf.size'
' '

17:36:20 Build Finished (took 1s.300ms)

